[viralmalaysiaterkini.com/main.html]
[backblue.gif]
[fade.gif]
[index.html]
[viralmalaysiaterkini.com/lib/main.3c9dcec00d5a12b9aa18.css]
[viralmalaysiaterkini.com/lib/img-apple-160/1f1f2-1f1fe.png]
[viralmalaysiaterkini.com/main.html]
[viralmalaysiaterkini.com/icon-192x192.html]
[viralmalaysiaterkini.com/apple-touch-icon.html]
[viralmalaysiaterkini.com/favicon.html]
[viralmalaysiaterkini.com/favicon-16x16.html]
[viralmalaysiaterkini.com/favicon-32x32.html]
[viralmalaysiaterkini.com/favicon-2.html]
[code.jquery.com/jquery-3.5.1.min.js]
[viralmalaysiaterkini.com/lib/telegram-logo.1b2bb5b107f046ea9325.svg]
[viralmalaysiaterkini.com/lib/chat-bg-pattern-dark.ad38368a9e8140d0ac7d.png]
[viralmalaysiaterkini.com/lib/KFOlCnqEu92Fr1MmEU9fBBc4AMP6lQ.324b1e6d0f5ae7c6ab42.woff2]
[viralmalaysiaterkini.com/lib/main.3c9dcec00d5a12b9aa18.css]
[viralmalaysiaterkini.com/lib/spoiler-dots-black.b2dd6e4f4a5a520c4ccd.html]
[viralmalaysiaterkini.com/lib/spoiler-dots-white.ab45f83c6ba729884808.html]
[viralmalaysiaterkini.com/lib/telegram-logo.1b2bb5b107f046ea9325.svg]
[viralmalaysiaterkini.com/lib/chat-bg-br.f34cc96fbfb048812820.html]
[viralmalaysiaterkini.com/lib/chat-bg-pattern-light.ee148af944f6580293ae.html]
[viralmalaysiaterkini.com/lib/KFOmCnqEu92Fr1Mu72xKKTU1Kvnz.499af208fa04aa805317.html]
[viralmalaysiaterkini.com/lib/KFOmCnqEu92Fr1Mu5mxKKTU1Kvnz.6b69287db14836e8ccee.html]
[viralmalaysiaterkini.com/lib/KFOmCnqEu92Fr1Mu7mxKKTU1Kvnz.350ec982325895563ada.html]
[viralmalaysiaterkini.com/lib/KFOmCnqEu92Fr1Mu4WxKKTU1Kvnz.af30acd9d70ade5b828d.html]
[viralmalaysiaterkini.com/lib/KFOmCnqEu92Fr1Mu7WxKKTU1Kvnz.62afd8a72052ca925aaf.html]
[viralmalaysiaterkini.com/lib/KFOmCnqEu92Fr1Mu7GxKKTU1Kvnz.009379f5feecd3ef689a.html]
[viralmalaysiaterkini.com/lib/KFOmCnqEu92Fr1Mu4mxKKTU1Kg.465390c6e54c60f4a15f.html]
[viralmalaysiaterkini.com/lib/KFOlCnqEu92Fr1MmEU9fCRc4AMP6lbBP.66efaee062df58309edc.html]
[viralmalaysiaterkini.com/lib/KFOlCnqEu92Fr1MmEU9fABc4AMP6lbBP.3e1bb90afe5eb4a94c5f.html]
[viralmalaysiaterkini.com/lib/KFOlCnqEu92Fr1MmEU9fCBc4AMP6lbBP.acd64c8bf32762464b8f.html]
[viralmalaysiaterkini.com/lib/KFOlCnqEu92Fr1MmEU9fBxc4AMP6lbBP.cab892ae9aa422233ea4.html]
[viralmalaysiaterkini.com/lib/KFOlCnqEu92Fr1MmEU9fCxc4AMP6lbBP.01bafbfbc1e4ebe0139d.html]
[viralmalaysiaterkini.com/lib/KFOlCnqEu92Fr1MmEU9fChc4AMP6lbBP.d3c211af53a789d2f9fd.html]
[viralmalaysiaterkini.com/lib/Vazirmatn-NL-Regular.572a8ef6359a125a67f0.html]
[viralmalaysiaterkini.com/lib/Vazirmatn-NL-Regular.f0ab1c74565ee5cdb33d.html]
[viralmalaysiaterkini.com/lib/Vazirmatn-NL-Medium.26007b3a50dbbab53c15.html]
[viralmalaysiaterkini.com/lib/Vazirmatn-NL-Medium.f3b8e058aff7dd59279b.html]
[viralmalaysiaterkini.com/lib/icomoon.65ee92b88aaaba8c7f1b.html]
[viralmalaysiaterkini.com/lib/icomoon.892eb17df47f870e8c89.html]
